// Jest Snapshot v1, https://goo.gl/fbAQLP

exports[`menu opens when clicked 1`] = `
<button
  className="MuiButtonBase-root MuiButton-root MuiButton-text"
  disabled={false}
  onBlur={[Function]}
  onClick={[Function]}
  onDragLeave={[Function]}
  onFocus={[Function]}
  onKeyDown={[Function]}
  onKeyUp={[Function]}
  onMouseDown={[Function]}
  onMouseLeave={[Function]}
  onMouseUp={[Function]}
  onTouchEnd={[Function]}
  onTouchMove={[Function]}
  onTouchStart={[Function]}
  style={
    Object {
      "background": "red",
      "color": "white",
    }
  }
  tabIndex={0}
  type="button"
>
  <span
    className="MuiButton-label"
  >
    Dashboards
    <span
      className="MuiButton-endIcon MuiButton-iconSizeMedium"
    >
      <svg
        aria-hidden="true"
        className="MuiSvgIcon-root"
        focusable="false"
        role="presentation"
        viewBox="0 0 24 24"
      >
        <path
          d="M7 10l5 5 5-5z"
        />
      </svg>
    </span>
  </span>
</button>
`;
